# Arch Linux package list
# Format: package_name or package_name|condition
# Comments start with #

# --- Base System ---
git
curl
wget
vim
nano
htop
tree
unzip
zip
os-prober
pacman-contrib
reflector
man-db
bc
inetutils
cpio
meson
cmake
pkgconf
fzf
bat
fd
ripgrep
eza
zoxide
starship
base
base-devel
linux
linux-headers
linux-firmware
sudo
which
less
gzip
tar

# --- Development Tools ---
gcc
make
cmake
nodejs
npm
python
python-pip
rust
go
python-pipx
git
gdb
strace
valgrind

# --- Terminal and Shell ---
zsh
kitty
alacritty
tmux
starship
wl-clipboard
xclip

# --- Window Manager (Wayland) ---
hyprland
qt5-graphicaleffects
qt5-quickcontrols2
qt5-svg
qt5-wayland
qt6-wayland
xdg-desktop-portal-hyprland
xdg-desktop-portal-gtk
brightnessctl
pamixer
playerctl
xdg-user-dirs
sound-theme-freedesktop
yad
jq
socat
slurp
waybar
nwg-look
qt5ct
qt6ct
papirus-icon-theme
kvantum
kvantum-qt5
sddm
hyprlock
hypridle
swww
wlr-randr
nwg-displays
wl-clip-persist

# --- Graphics and Multimedia ---
vlc
gwenview
tumbler
ffmpegthumbnailer
grim
imagemagick
gstreamer
gst-plugins-bad
gst-plugins-base
gst-plugins-good
gst-plugins-ugly
gst-plugin-pipewire
kooha

# --- Audio ---
pipewire
wireplumber
pipewire-alsa
pipewire-audio
pipewire-jack
pipewire-pulse
networkmanager
network-manager-applet
pavucontrol

# --- System Utilities ---
polkit-gnome
udiskie
firewalld
bluez
bluez-utils
blueman
gnome-keyring
gnome-disk-utility
pcmanfm-qt
ark
7zip
unrar
evince
gnome-clocks

# --- Fonts ---
noto-fonts
noto-fonts-cjk
noto-fonts-emoji
ttf-meslo-nerd

# --- Applications ---
firefox
libreoffice-fresh
swaync

# --- Hardware Specific ---
nvidia-dkms|nvidia
nvidia-utils|nvidia
lib32-nvidia-utils|nvidia
nvidia-settings|nvidia
opencl-nvidia|nvidia
egl-wayland|nvidia
libva-nvidia-driver|nvidia
mesa|amd
lib32-mesa|amd
vulkan-radeon|amd
lib32-vulkan-radeon|amd
vulkan-icd-loader|amd
lib32-vulkan-icd-loader|amd

# --- Gaming ---
steam|gaming
lutris|gaming
wine-staging|gaming
winetricks|gaming
gamemode|gaming
lib32-gamemode|gaming
giflib|gaming
lib32-giflib|gaming
libpng|gaming
lib32-libpng|gaming
libldap|gaming
lib32-libldap|gaming
gnutls|gaming
lib32-gnutls|gaming
mpg123|gaming
lib32-mpg123|gaming
openal|gaming
lib32-openal|gaming
v4l-utils|gaming
lib32-v4l-utils|gaming
libpulse|gaming
lib32-libpulse|gaming
libgpg-error|gaming
lib32-libgpg-error|gaming
alsa-plugins|gaming
lib32-alsa-plugins|gaming
alsa-lib|gaming
lib32-alsa-lib|gaming
libjpeg-turbo|gaming
lib32-libjpeg-turbo|gaming
sqlite|gaming
lib32-sqlite|gaming
libxcomposite|gaming
lib32-libxcomposite|gaming
libxinerama|gaming
lib32-libxinerama|gaming
ncurses|gaming
lib32-ncurses|gaming
opencl-icd-loader|gaming
lib32-opencl-icd-loader|gaming
libxslt|gaming
lib32-libxslt|gaming
libva|gaming
lib32-libva|gaming
gtk3|gaming
lib32-gtk3|gaming
gst-plugins-base-libs|gaming
lib32-gst-plugins-base-libs|gaming
vulkan-icd-loader|gaming
lib32-vulkan-icd-loader|gaming
mangohud|gaming
lib32-mangohud|gaming
gamescope|gaming

# --- Laptop Specific ---
batsignal|laptop

# --- Virtual Machine ---
qemu-guest-agent|vm
spice-vdagent|vm