# Arch Linux package list
# Format: package_name or package_name|condition
# Comments start with #

# --- Base System ---
git
curl
wget
vim
nano
htop
btop
tree
unzip
zip
pacman-contrib
reflector
bc
inetutils
cpio
meson
fzf
bat
fd
ripgrep
zoxide
tar
yazi
eza
tcpdump

# --- Development Tools ---
nodejs
npm
python
python-pip
python-flake8
shellcheck
go
gdb
strace
docker
docker-compose
shfmt
lua-language-server
emacs
neovim
lazygit
binutils

# --- Terminal and Shell ---
zsh
kitty
alacritty
tmux
starship
wl-clipboard
xclip

# --- Window Manager (Wayland) ---
hyprland
xdg-desktop-portal
xdg-desktop-portal-hyprland
xdg-desktop-portal-gtk
brightnessctl
pamixer
jq
waybar
wofi
swayosd
nwg-look
kvantum
hyprlock
hypridle
xorg-xwayland
hyprshot

# --- Graphics and Multimedia ---
vlc
imagemagick

# --- Audio ---
pipewire
wireplumber
pipewire-alsa
pipewire-audio
pipewire-jack
pipewire-pulse
network-manager-applet
pavucontrol

# --- System Utilities ---
polkit-gnome
firewalld
bluez
bluez-utils
blueman
7zip
unrar
earlyoom
plocate
gnome-tweaks
ufw
aria2
powertop
lm_sensors

# --- Applications ---
swaync

# --- Hardware Specific ---
nvidia-dkms|nvidia
nvidia-utils|nvidia
nvidia-prime|nvidia
lib32-nvidia-utils|nvidia
nvidia-settings|nvidia
libva-nvidia-driver|nvidia
mesa|amd
lib32-mesa|amd

# --- Gaming ---
steam|gaming
lutris|gaming
wine-staging|gaming
winetricks|gaming
gamemode|gaming
lib32-gamemode|gaming
giflib|gaming
lib32-giflib|gaming
libpng|gaming
lib32-libpng|gaming
libldap|gaming
lib32-libldap|gaming
gnutls|gaming
lib32-gnutls|gaming
mpg123|gaming
lib32-mpg123|gaming
openal|gaming
lib32-openal|gaming
v4l-utils|gaming
lib32-v4l-utils|gaming
libpulse|gaming
lib32-libpulse|gaming
libgpg-error|gaming
lib32-libgpg-error|gaming
alsa-plugins|gaming
lib32-alsa-plugins|gaming
alsa-lib|gaming
lib32-alsa-lib|gaming
libjpeg-turbo|gaming
lib32-libjpeg-turbo|gaming
sqlite|gaming
lib32-sqlite|gaming
libxcomposite|gaming
lib32-libxcomposite|gaming
libxinerama|gaming
lib32-libxinerama|gaming
ncurses|gaming
lib32-ncurses|gaming
ocl-icd|gaming
lib32-ocl-icd|gaming
libxslt|gaming
lib32-libxslt|gaming
libva|gaming
lib32-libva|gaming
gtk3|gaming
lib32-gtk3|gaming
gst-plugins-base-libs|gaming
lib32-gst-plugins-base-libs|gaming
vulkan-icd-loader|gaming
lib32-vulkan-icd-loader|gaming
mangohud|gaming
lib32-mangohud|gaming
gamescope|gaming

# --- Laptop Specific ---
batsignal|laptop

# --- Virtual Machine ---
qemu-guest-agent|vm
spice-vdagent|vm