# Minimal Arch Linux package list for post-installation Hyprland setup
# Format: package_name or package_name|condition
# Comments start with #

# --- Essential Development Tools ---
git
curl
wget
vim
nano
htop
tree
unzip
zip
fzf
bat
fd
ripgrep
eza
zoxide
starship

# --- Terminal and Shell ---
zsh
kitty
alacritty
tmux
wl-clipboard
xclip

# --- Hyprland Window Manager ---
hyprland
qt5-wayland
qt6-wayland
xdg-desktop-portal-hyprland
xdg-desktop-portal-gtk
brightnessctl
pamixer
playerctl
xdg-user-dirs
waybar
nwg-look
qt5ct
qt6ct
papirus-icon-theme
kvantum
kvantum-qt5
sddm
hyprlock
hypridle
swww
wlr-randr
nwg-displays
wl-clip-persist

# --- Graphics and Multimedia ---
vlc
gwenview
grim
imagemagick
gstreamer
gst-plugins-bad
gst-plugins-base
gst-plugins-good
gst-plugins-ugly
gst-plugin-pipewire

# --- Audio ---
pipewire
wireplumber
pipewire-alsa
pipewire-audio
pipewire-jack
pipewire-pulse
pavucontrol

# --- System Utilities ---
polkit-gnome
udiskie
firewalld
bluez
bluez-utils
blueman
gnome-keyring
pcmanfm-qt
ark
7zip
unrar
evince

# --- Fonts ---
noto-fonts
noto-fonts-cjk
noto-fonts-emoji
ttf-meslo-nerd

# --- Applications ---
firefox
libreoffice-fresh
swaync

# --- Hardware Specific ---
mesa|amd
lib32-mesa|amd
vulkan-radeon|amd
lib32-vulkan-radeon|amd
vulkan-icd-loader|amd
lib32-vulkan-icd-loader|amd

# --- Virtual Machine ---
qemu-guest-agent|vm