# Ubuntu package list
# Format: package_name or package_name|condition
# Comments start with #

# --- Base System ---
git
curl
wget
vim
nano
htop
tree
unzip
zip
software-properties-common
apt-transport-https
ca-certificates
gnupg
lsb-release
build-essential
hostname

# --- Development Tools ---
gcc
make
cmake
nodejs
npm
python3
python3-pip
python3-venv
rustc
golang-go
gdb
strace
valgrind

# --- Terminal and Shell ---
zsh
fish
tmux
alacritty
kitty-terminfo

# --- Wayland and Graphics ---
wayland-protocols
libwayland-dev
libwayland-client0
libwayland-cursor0
libwayland-server0
libxkbcommon-dev
libinput-dev
libdrm-dev
libegl1-mesa-dev
libgles2-mesa-dev

# --- Hyprland Build Dependencies ---
meson
cmake
libwayland-dev
libxkbcommon-dev
libinput-dev
libdrm-dev
libegl1-mesa-dev
libgles2-mesa-dev
libpixman-1-dev
libseat-dev
libxcb-dri3-dev
libxcb-present-dev
libxcb-composite0-dev
libxcb-ewmh-dev
libxcb-icccm4-dev
libxcb-res0-dev
libxcb-xinput-dev
libtomlplusplus-dev
libzip-dev
librsvg2-dev
libmagic-dev

# --- Audio ---
pipewire
wireplumber
pipewire-alsa
pipewire-pulse
pipewire-jack
pavucontrol
alsa-utils

# --- Multimedia ---
gimp
vlc
ffmpeg
imagemagick
gstreamer1.0-plugins-base
gstreamer1.0-plugins-good
gstreamer1.0-plugins-bad
gstreamer1.0-plugins-ugly

# --- System Utilities ---
systemd
ufw
bluez
blueman
network-manager
network-manager-gnome
polkit-gnome
gnome-keyring

# --- Fonts ---
fonts-noto
fonts-noto-color-emoji
fonts-liberation
fonts-dejavu-core
fonts-cascadia-code
fonts-firacode
fonts-jetbrains-mono
fonts-font-awesome

# --- Applications ---
firefox
libreoffice
code

# --- Hardware Specific ---
nvidia-driver-535|nvidia
nvidia-settings|nvidia
nvidia-utils-535|nvidia

# --- Gaming ---
steam|gaming
lutris|gaming
wine|gaming
winetricks|gaming

# --- Laptop Specific ---
tlp|laptop
tlp-rdw|laptop
acpi-support|laptop
laptop-mode-tools|laptop

# --- Virtual Machine ---
qemu-guest-agent|vm
spice-vdagent|vm
open-vm-tools|vm